2026/09/15 14:52:04 INFO mlflow.agent.hint: Load the `instrumenting-with-mlflow-tracing` skill at /home/royas-shakya/Downloads/Week15/Week 15/Week 17/Task A/.venv/lib/python3.12/site-packages/mlflow/assistant/skills/instrumenting-with-mlflow-tracing/SKILL.md before writing any tracing code; it ships with this MLflow install. Set MLFLOW_DISABLE_AGENT_HINT=1 to silence this.
/home/royas-shakya/.config/matplotlib is not a writable directory
Matplotlib created a temporary cache directory at /tmp/matplotlib-vrkncu_v because there was an issue with the default path (/home/royas-shakya/.config/matplotlib); it is highly recommended to set the MPLCONFIGDIR environment variable to a writable directory, in particular to speed up the import of Matplotlib and to better support multiprocessing.
Loading and preprocessing data...
  Train: (5634, 19), Test: (1409, 19)
  Churn rate (train): 0.265

Training models...
2026/09/15 14:52:08 WARNING mlflow.models.model: `artifact_path` is deprecated. Please use `name` instead.
2026/09/15 14:52:08 INFO mlflow.utils.uv_utils: Detected uv project: found uv.lock and pyproject.toml in /home/royas-shakya/Downloads/Week15/Week 15/Week 17/Task A
2026/09/15 14:52:10 INFO mlflow.utils.uv_utils: Detected uv project: found uv.lock and pyproject.toml in /home/royas-shakya/Downloads/Week15/Week 15/Week 17/Task A
2026/09/15 14:52:10 INFO mlflow.utils.environment: Detected uv project at /home/royas-shakya/Downloads/Week15/Week 15/Week 17/Task A. Attempting to export requirements via 'uv export'.
2026/09/15 14:52:10 WARNING mlflow.utils.uv_utils: uv export failed with exit code 2. stderr: error: Could not acquire lock
  Caused by: Could not create temporary file
  Caused by: Read-only file system (os error 30) at path "/home/royas-shakya/.cache/uv/.tmpxjA7WG"
. Falling back to pip-based inference.
2026/09/15 14:52:10 WARNING mlflow.utils.environment: uv export failed or returned no requirements. Falling back to package capture based inference.
2026/09/15 14:52:15 WARNING mlflow.utils.environment: Failed to resolve installed pip version. ``pip`` will be added to conda.yaml environment spec without a version specifier.
2026/09/15 14:52:17 WARNING mlflow.models.model: `artifact_path` is deprecated. Please use `name` instead.
2026/09/15 14:52:17 INFO mlflow.utils.uv_utils: Detected uv project: found uv.lock and pyproject.toml in /home/royas-shakya/Downloads/Week15/Week 15/Week 17/Task A
2026/09/15 14:52:18 INFO mlflow.utils.uv_utils: Detected uv project: found uv.lock and pyproject.toml in /home/royas-shakya/Downloads/Week15/Week 15/Week 17/Task A
2026/09/15 14:52:18 INFO mlflow.utils.environment: Detected uv project at /home/royas-shakya/Downloads/Week15/Week 15/Week 17/Task A. Attempting to export requirements via 'uv export'.
2026/09/15 14:52:18 WARNING mlflow.utils.uv_utils: uv export failed with exit code 2. stderr: error: Could not acquire lock
  Caused by: Could not create temporary file
  Caused by: Read-only file system (os error 30) at path "/home/royas-shakya/.cache/uv/.tmppyh905"
. Falling back to pip-based inference.
2026/09/15 14:52:18 WARNING mlflow.utils.environment: uv export failed or returned no requirements. Falling back to package capture based inference.
2026/09/15 14:52:22 WARNING mlflow.utils.environment: Failed to resolve installed pip version. ``pip`` will be added to conda.yaml environment spec without a version specifier.
2026/09/15 14:52:23 WARNING mlflow.models.model: `artifact_path` is deprecated. Please use `name` instead.
2026/09/15 14:52:23 INFO mlflow.utils.uv_utils: Detected uv project: found uv.lock and pyproject.toml in /home/royas-shakya/Downloads/Week15/Week 15/Week 17/Task A
2026/09/15 14:52:23 INFO mlflow.utils.uv_utils: Detected uv project: found uv.lock and pyproject.toml in /home/royas-shakya/Downloads/Week15/Week 15/Week 17/Task A
2026/09/15 14:52:23 INFO mlflow.utils.environment: Detected uv project at /home/royas-shakya/Downloads/Week15/Week 15/Week 17/Task A. Attempting to export requirements via 'uv export'.
2026/09/15 14:52:23 WARNING mlflow.utils.uv_utils: uv export failed with exit code 2. stderr: error: Could not acquire lock
  Caused by: Could not create temporary file
  Caused by: Read-only file system (os error 30) at path "/home/royas-shakya/.cache/uv/.tmpur7IXz"
. Falling back to pip-based inference.
2026/09/15 14:52:23 WARNING mlflow.utils.environment: uv export failed or returned no requirements. Falling back to package capture based inference.
2026/09/15 14:52:27 WARNING mlflow.utils.environment: Failed to resolve installed pip version. ``pip`` will be added to conda.yaml environment spec without a version specifier.
2026/09/15 14:52:30 WARNING mlflow.models.model: `artifact_path` is deprecated. Please use `name` instead.
2026/09/15 14:52:30 INFO mlflow.utils.uv_utils: Detected uv project: found uv.lock and pyproject.toml in /home/royas-shakya/Downloads/Week15/Week 15/Week 17/Task A
2026/09/15 14:52:31 INFO mlflow.utils.uv_utils: Detected uv project: found uv.lock and pyproject.toml in /home/royas-shakya/Downloads/Week15/Week 15/Week 17/Task A
2026/09/15 14:52:31 INFO mlflow.utils.environment: Detected uv project at /home/royas-shakya/Downloads/Week15/Week 15/Week 17/Task A. Attempting to export requirements via 'uv export'.
2026/09/15 14:52:31 WARNING mlflow.utils.uv_utils: uv export failed with exit code 2. stderr: error: Could not acquire lock
  Caused by: Could not create temporary file
  Caused by: Read-only file system (os error 30) at path "/home/royas-shakya/.cache/uv/.tmpCHM1MP"
. Falling back to pip-based inference.
2026/09/15 14:52:31 WARNING mlflow.utils.environment: uv export failed or returned no requirements. Falling back to package capture based inference.
2026/09/15 14:52:36 WARNING mlflow.utils.environment: Failed to resolve installed pip version. ``pip`` will be added to conda.yaml environment spec without a version specifier.
Registered model 'ChurnClassifier' already exists. Creating a new version of this model...
2026/09/15 14:52:36 WARNING mlflow.tracking._model_registry.fluent: Run with id d153df3997ee479f9127e1d4a28bbc8c has no artifacts at artifact path 'model', registering model based on models:/m-8fcae6239d004327b1130fb70d26f7eb instead
Created version '3' of model 'ChurnClassifier'.
  [lr_balanced] Acc=0.7381  F1=0.6136  AUC=0.8416  CV-F1=0.6283±0.0232
  [rf_balanced] Acc=0.7516  F1=0.6285  AUC=0.8430  CV-F1=0.6326±0.0146
  [xgb_weighted] Acc=0.7594  F1=0.6367  AUC=0.8443  CV-F1=0.6341±0.0150
  [rf_deep_balanced] Acc=0.7637  F1=0.6369  AUC=0.8413  CV-F1=0.6293±0.0158

=== Run Comparison (sorted by training CV F1) ===
Run                      Accuracy         F1        AUC        CV-F1
------------------------------------------------------------------
xgb_weighted_20260915T090723_393425Z     0.7594     0.6367     0.8443 0.6341±0.0150
rf_balanced_20260915T090717_218204Z     0.7516     0.6285     0.8430 0.6326±0.0146
rf_deep_balanced_20260915T090730_250321Z     0.7637     0.6369     0.8413 0.6293±0.0158
lr_balanced_20260915T090708_398930Z     0.7381     0.6136     0.8416 0.6283±0.0232

Best model: xgb_weighted_20260915T090723_393425Z
Registered model version 3 with alias 'staging'
Promoted version 3: acceptance floors passed

--- Evidently Monitoring ---
  Reference: 4930 rows, Current: 2113 rows
  Injected drift: MonthlyCharges +15, tenure -10, Contract skew, 5% label flip

  Custom Metrics:
    Churn rate shift: 0.265 -> 0.287 (+8.3%)
    MonthlyCharges shift: 64.95 -> 79.05 (+14.10)

  Reports saved:
    Data Drift: /home/royas-shakya/Downloads/Week15/Week 15/Week 17/Task A/reports/data_drift.html
    Target Drift: /home/royas-shakya/Downloads/Week15/Week 15/Week 17/Task A/reports/target_drift.html
    All reports logged to MLflow as artifacts

Done! Start MLflow UI: uv run mlflow ui --backend-store-uri sqlite:///data/mlflow.db
